========================================
Automation started: Wednesday 19 August 2026 10:10:50 AM IST
Running health monitor...
Health report created: reports/health_report.txt
Health monitor completed successfully.
Generating health summary...
Summary report created: reports/summary_report.txt
Health summary generated successfully.
Reports verified successfully.
Checking Git status...
?? .gitignore
?? reports/
?? scripts/
[main (root-commit) 49fd6ad] Automated health monitoring report
 2 files changed, 74 insertions(+)
 create mode 100644 reports/health_report.txt
 create mode 100644 reports/summary_report.txt
Git commit completed successfully.
Pushing reports to GitHub...
ERROR: Repository not found.
fatal: Could not read from remote repository.

Please make sure you have the correct access rights
and the repository exists.
ERROR: Git push failed.
========================================
Automation started: Wednesday 19 August 2026 10:32:09 AM IST
Running health monitor...
Health report created: reports/health_report.txt
Health monitor completed successfully.
Generating health summary...
Summary report created: reports/summary_report.txt
Health summary generated successfully.
Reports verified successfully.
Checking Git status...
 M reports/health_report.txt
 M reports/summary_report.txt
[main 549039f] Automated health monitoring report
 2 files changed, 16 insertions(+), 16 deletions(-)
Git commit completed successfully.
Pushing reports to GitHub...
To github.com:thirumurugan26120134ssn-coder/miniproject.git
   9cb98ee..549039f  main -> main
Changes pushed successfully to GitHub.
Automation completed successfully: Wednesday 19 August 2026 10:32:12 AM IST
========================================
